<html>
<body>
<pre>
<h1>µVision Build Log</h1>
<h2>Tool Versions:</h2>
IDE-Version: ÂµVision V5.38.0.0
Copyright (C) 2022 ARM Ltd and ARM Germany GmbH. All rights reserved.
License Information: Abendsen Onoe, Serika, LIC=SDA0P-MKB3L-BSFYX-H3EDF-I8FHV-FXF15
 
Tool Versions:
Toolchain:       MDK-ARM Plus  Version: 5.38.0.0
Toolchain Path:  C:\Users\99252\Desktop\keil\ARM\ARMCC\Bin
C Compiler:      Armcc.exe V5.06 update 6 (build 750)
Assembler:       Armasm.exe V5.06 update 6 (build 750)
Linker/Locator:  ArmLink.exe V5.06 update 6 (build 750)
Library Manager: ArmAr.exe V5.06 update 6 (build 750)
Hex Converter:   FromElf.exe V5.06 update 6 (build 750)
CPU DLL:         SARMCM3.DLL V5.38.0.0
Dialog DLL:      DCM.DLL V1.17.5.0
Target DLL:      CMSIS_AGDI.dll V1.33.15.0
Dialog DLL:      TCM.DLL V1.56.4.0
 
<h2>Project:</h2>
C:\Users\99252\Desktop\cks\cks-classrooms-borrowing\TemplateProject.uvprojx
Project File Date:  04/04/2026

<h2>Output:</h2>
*** Using Compiler 'V5.06 update 6 (build 750)', folder: 'C:\Users\99252\Desktop\keil\ARM\ARMCC\Bin'
Build target 'Target 1'
compiling main.c...
linking...
Program Size: Code=183450 RO-data=235270 RW-data=564 ZI-data=32511796  
".\Objects\TemplateProject.axf" - 0 Error(s), 0 Warning(s).

<h2>Software Packages used:</h2>

Package Vendor: GigaDevice
                https://gd32mcu.com/GigaDevice.GD32H7xx_DFP.1.4.0.pack
                GigaDevice.GD32H7xx_DFP.1.4.0
                GigaDevice GD32H7xx Series Device Support and Examples

<h2>Collection of Component include folders:</h2>
  C:/Users/99252/AppData/Local/Arm/Packs/GigaDevice/GD32H7xx_DFP/1.4.0/Device/Include

<h2>Collection of Component Files used:</h2>
Build Time Elapsed:  00:00:02
</pre>
</body>
</html>
